// Jest Snapshot v1, https://goo.gl/fbAQLP

exports[`renders homepage unchanged 1`] = `
<div>
  <div
    class="container"
  >
    <main
      class="main"
    >
      <h1
        class="title"
      >
        Testando projeto com 
        <a
          href="https://nextjs.org"
        >
          Next.js!
        </a>
      </h1>
      <div
        class="grid"
      >
        <a
          class="card"
          href="/aboutme"
        >
          <h2>
            About Me →
          </h2>
           
          <p>
            Primeira página
          </p>
        </a>
        <a
          class="card"
          href="/details"
        >
          <h2>
            Details →
          </h2>
           
          <p>
            Segunda página
          </p>
        </a>
      </div>
    </main>
    <footer
      class="footer"
    >
      <a
        href="https://vercel.com?utm_source=create-next-app&utm_medium=default-template&utm_campaign=create-next-app"
        rel="noopener noreferrer"
        target="_blank"
      >
        Powered by
         
        <span
          class="logo"
        >
          <img
            alt="Vercel Logo"
            data-nimg="1"
            decoding="async"
            height="16"
            loading="lazy"
            src="/vercel.svg"
            style="color: transparent;"
            width="72"
          />
        </span>
      </a>
    </footer>
  </div>
</div>
`;
